// Jest Snapshot v1, https://goo.gl/fbAQLP

exports[`store renders DataProvider without crashing 1`] = `
<div>
  <h1>
    Test header 1
  </h1>
  <h2>
    Test header 2
  </h2>
</div>
`;
