// Jest Snapshot v1, https://goo.gl/fbAQLP

exports[`HeroBanner matches snapshot 1`] = `
<section
  className="sc-AxjAm cbBRmT"
>
  <div
    className="sc-fzozJi hhSIgG"
  >
    <div
      className="sc-AxirZ dCBnyz"
    >
      <div
        className="logo gatsby-image-wrapper"
        style={
          Object {
            "display": "inline-block",
            "height": 40,
            "overflow": "hidden",
            "position": "relative",
            "width": 40,
          }
        }
      >
        <img
          alt=""
          aria-hidden={true}
          src="data:image/png;base64,iVBORw0KGgoAAAANSUhEUgAAABQAAAAUCAYAAACNiR0NAAAACXBIWXMAAC4jAAAuIwF4pT92AAACU0lEQVQ4y22Vz0tVURDH73u+vBFYIYhERItq3x8QEQgWZYsMikDoJ5VRq2zRxnDjRpAgqk3Zs0KJeBUtoq3VIgoKKgrLhH4aRLnQRT/o3T5D35Hxdg98mTnnzHzPnJk59yZZliU2TIJyooG+uV6vV5ET4JfwFgyDjuBXjhyRrGQ6JG3oL7N/4zcYY+0q8gq4J2Ib46y3B///yZAnZfwZ7MGhKckN1heBLvBBtn3zSHEqRzLmo4g0R3IAdIOdYKHWFoCqfPp0u7I7tOm0kUCSymit9h7psOW5wy5of2tcfIXxJydBNoTIR+RwRgVpdRvJkor1DlRsYYscdsugEnK6Rlc6jdgFbqG3eM7QK9K3i2OHLQ6rck3hRD/9rAxXgb3gJmgJ7eK3SMF3cMMmE5COFVS8VWRDmh/DruaEBdW/AyZN+Wm5Caf6NXpFeFQRHrEIQLMqvEJYKfvBTBFFQr/qYiXZx0ewX1c2wrta/2opVludcsLX4L4XRPKQHE6AjWAdOBwi7AT94JvsrLWuWbOb80XwBywJRXljzy+XI7tyzftQVbfRo/k0uJ0oAhsHtdEZ24hC+MvoRr8ufbVsHmjeoXmXn/5M+bBkPwYzoNEjDhE+gdTyOKXcL9PeOPgy92RR1uuEGg5DVoDQ5N7Em5CXdLUpf2rIc3NNnatsjzYux++iPUGbI0vKbxryel4+g952+W/hcRlY9fYxX1rQwKme2qSe5UDYK/wmbgDPRfwDPFTUVX1gZ7X3HmwLZKV5rCJtCFdtB5azpyqYRf0CjKoTKkW/gL+tuhI3CufaNQAAAABJRU5ErkJggg=="
          style={
            Object {
              "height": "100%",
              "left": 0,
              "objectFit": "cover",
              "objectPosition": "center",
              "opacity": 1,
              "position": "absolute",
              "top": 0,
              "transitionDelay": "500ms",
              "width": "100%",
            }
          }
        />
        <picture>
          <source
            srcSet="/static/b0ddc18a1e874e013ee42035351d5925/ff4be/logo.png 1x,/static/b0ddc18a1e874e013ee42035351d5925/183c2/logo.png 1.5x,/static/b0ddc18a1e874e013ee42035351d5925/829e2/logo.png 2x"
          />
          <img
            alt="logo"
            height={40}
            loading="lazy"
            onLoad={[Function]}
            src="/static/b0ddc18a1e874e013ee42035351d5925/ff4be/logo.png"
            srcSet="/static/b0ddc18a1e874e013ee42035351d5925/ff4be/logo.png 1x,/static/b0ddc18a1e874e013ee42035351d5925/183c2/logo.png 1.5x,/static/b0ddc18a1e874e013ee42035351d5925/829e2/logo.png 2x"
            style={
              Object {
                "height": "100%",
                "left": 0,
                "objectFit": "cover",
                "objectPosition": "center",
                "opacity": 0,
                "position": "absolute",
                "top": 0,
                "transition": "opacity 500ms",
                "width": "100%",
              }
            }
            width={40}
          />
        </picture>
        <noscript
          dangerouslySetInnerHTML={
            Object {
              "__html": "<picture><source srcset=\\"/static/b0ddc18a1e874e013ee42035351d5925/ff4be/logo.png 1x,/static/b0ddc18a1e874e013ee42035351d5925/183c2/logo.png 1.5x,/static/b0ddc18a1e874e013ee42035351d5925/829e2/logo.png 2x\\" /><img loading=\\"lazy\\" width=\\"40\\" height=\\"40\\" srcset=\\"/static/b0ddc18a1e874e013ee42035351d5925/ff4be/logo.png 1x,/static/b0ddc18a1e874e013ee42035351d5925/183c2/logo.png 1.5x,/static/b0ddc18a1e874e013ee42035351d5925/829e2/logo.png 2x\\" src=\\"/static/b0ddc18a1e874e013ee42035351d5925/ff4be/logo.png\\" alt=\\"logo\\" style=\\"position:absolute;top:0;left:0;opacity:1;width:100%;height:100%;object-fit:cover;object-position:center\\"/></picture>",
            }
          }
        />
      </div>
      <div
        className="sc-AxhCb ehpxdv"
      >
        <div
          className="sc-AxgMl hzwiGK"
          data-testid="name"
        >
          Alejandro Gin√©s
        </div>
        <div
          className="sc-Axmtr blfvLt"
        >
          Web Developer
        </div>
      </div>
    </div>
    <div
      className="sc-fznWqX jqXnrH"
      href="about"
    >
      <p
        className="sc-fzqARJ bqKifG"
      >
        about us
      </p>
      <div
        className="sc-fzoyTs buwGoh"
      />
    </div>
  </div>
  <div
    className="sc-fzpans fWuNxB"
  >
    <a
      className="sc-fznyAO eQYrUP"
      onClick={[Function]}
    >
      ES
    </a>
    <div
      className="sc-fznZeY deXbxg"
    >
      <h2
        className="sc-fzokOt dpyQpq"
      >
        Welcome to my Site
      </h2>
      <h1
        className="sc-fzoyAV gDGNOH"
      >
        I am a former translator, a teacher at heart, and a Web Developer since 2016
      </h1>
      <h3
        className="sc-fzpjYC enOmxh"
      >
        I've spent most of my life between Spain, France, the United Kingdom and the United States. I'm currently based in Berlin, where I work as a Frontend Engineer at Zalando SE
      </h3>
      <div
        className="wrapper"
      >
        <div
          className="link_wrapper"
        >
          <a
            className="cv_button"
            href="https://alexgines.netlify.app/"
            onMouseEnter={[Function]}
            onMouseLeave={[Function]}
            target="blank"
          >
            See my CV
          </a>
          <div
            className="icon"
          >
            <svg
              id="Capa_1"
              style={
                Object {
                  "height": 34,
                  "verticalAlign": "middle",
                  "width": 34,
                }
              }
              version="1.1"
              viewBox="0 0 512 512"
              x="0px"
              xmlSpace="preserve"
              y="0px"
            >
              <g>
                <g>
                  <path
                    d="M333.205,34.213L330.799,0L9.546,22.591l30.317,431.118l44.011-3.095V512h322.046v-35.276l50.265,5.413l46.27-429.698 L333.205,34.213z M83.874,420.519l-16.17,1.137L41.599,50.432l261.359-18.38l3.359,47.765H83.874V420.519z M375.9,481.979H113.895 V109.838H375.9V481.979z M429.552,449.073l-23.631-2.545V79.817h-69.508l-1.068-15.18l134.049,14.434L429.552,449.073z"
                    fill="#fff"
                  />
                </g>
              </g>
              <g>
                <g>
                  <rect
                    fill="#fff"
                    height="30.021"
                    width="195.796"
                    x="147.003"
                    y="296.746"
                  />
                </g>
              </g>
              <g>
                <g>
                  <rect
                    fill="#fff"
                    height="30.021"
                    width="195.796"
                    x="147.003"
                    y="350.143"
                  />
                </g>
              </g>
              <g>
                <g>
                  <rect
                    fill="#fff"
                    height="30.021"
                    width="195.796"
                    x="147.003"
                    y="403.54"
                  />
                </g>
              </g>
              <g>
                <g>
                  <path
                    d="M201.384,229.293c-13.238,0-22.154-9.186-22.154-23.64s8.915-23.64,22.154-23.64c8.511,0,15.13,4.053,20.668,11.078 l20.128-17.966c-9.321-12.157-23.911-18.912-42.418-18.912c-30.394,0-52.684,20.398-52.684,49.442s22.289,49.442,52.684,49.44 c18.508,0,33.097-6.754,42.418-18.912l-20.128-17.966C216.514,225.24,209.895,229.293,201.384,229.293z"
                    fill="#fff"
                  />
                </g>
              </g>
              <g>
                <g>
                  <polygon
                    fill="#fff"
                    points="321.075,158.373 297.975,213.624 275.415,158.373 241.102,158.373 281.088,252.934 312.429,252.934  352.414,158.373"
                  />
                </g>
              </g>
              <g />
              <g />
              <g />
              <g />
              <g />
              <g />
              <g />
              <g />
              <g />
              <g />
              <g />
              <g />
              <g />
              <g />
              <g />
            </svg>
          </div>
        </div>
      </div>
    </div>
  </div>
</section>
`;
