// Jest Snapshot v1, https://goo.gl/fbAQLP

exports[`About component renders without crashinf 1`] = `
<div
  id="about"
  style="background-color: rgb(37, 50, 55); width: 100vw; height: 100vh;"
>
  <div>
    <h1>
      About me
    </h1>
  </div>
</div>
`;
