// Jest Snapshot v1, https://goo.gl/fbAQLP

exports[`Projects component renders without crashing 1`] = `
<div
  id="projects"
  style="background-color: rgb(212, 172, 13); width: 100vw; height: 100vh; padding-top: 60px;"
>
  <div>
    <h1>
      Projects
    </h1>
  </div>
</div>
`;
